04-28 22:05:53.721  1239  2247 I native  : input-context-store.cc:173 Ignoring stale client request for FetchSuggestions
04-28 22:05:53.725  1239  1239 W InputContextProxy: InputContextProxy.applyClientDiffInternal():832 Ignore [FetchSuggestions] diff due to stale request: 553<555, inputStateId=500, lastInputStateId=500
04-28 22:05:53.740  1239  2247 I native  : input-context-store.cc:173 Ignoring stale client request for FetchSuggestions
04-28 22:05:53.741  1239  1239 W InputContextProxy: InputContextProxy.applyClientDiffInternal():832 Ignore [FetchSuggestions] diff due to stale request: 555<556, inputStateId=501, lastInputStateId=501
04-28 22:05:53.783  4774  4774 I ViewInteraction: Performing 'close keyboard' action on view view.getRootView() to equal view
04-28 22:05:53.783  4774  4774 D IdlingRegistry: Registering idling resources: [androidx.test.espresso.action.CloseKeyboardAction$CloseKeyboardIdlingResult@62facbe]
04-28 22:05:53.787  1239  1239 W TooltipLifecycleManager: TooltipLifecycleManager.dismissTooltip():130 dismissTooltip(): tooltip with id inline_suggestion_tooltip not found in tooltipManager.
04-28 22:05:53.791  1239  1239 W TooltipLifecycleManager: TooltipLifecycleManager.dismissTooltip():130 dismissTooltip(): tooltip with id inline_suggestion_tooltip not found in tooltipManager.
04-28 22:05:53.796  1239  1239 I KeyboardWrapper: KeyboardWrapper.consumeEvent():264 Skip consuming an event as current keyboard is deactivated (state=0, keyboard existence=true)
04-28 22:05:53.796  1239  1239 I VoiceInputManagerWrapper: VoiceInputManagerWrapper.shutdown():77 shutdown()
04-28 22:05:53.797  1239  1239 I AndroidIME: AbstractIme.onDeactivate():161 LatinIme.onDeactivate()
04-28 22:05:53.807  1239  1239 W InputContextProxy: InputContextProxy.applyClientDiffInternal():832 Ignore [FetchSuggestions] diff due to stale request: 559<562, inputStateId=504, lastInputStateId=506
04-28 22:05:53.814  1239  2247 I native  : input-context-store.cc:173 Ignoring stale client request for FetchSuggestions
04-28 22:05:53.814  1239  1239 W InputContextProxy: InputContextProxy.applyClientDiffInternal():832 Ignore [FetchSuggestions] diff due to stale request: 561<562, inputStateId=506, lastInputStateId=506
04-28 22:05:54.040   308   348 D goldfish-address-space: claimShared: Ask to claim region [0x3f7d8c000 0x3f7de3000]
04-28 22:05:54.063   308   348 D goldfish-address-space: claimShared: Ask to claim region [0x3f7de3000 0x3f7e3a000]
04-28 22:05:54.069   308   348 D goldfish-address-space: claimShared: Ask to claim region [0x3f7e3a000 0x3f7e91000]
04-28 22:05:54.115  4774  4774 D IdlingRegistry: Unregistering idling resources: [androidx.test.espresso.action.CloseKeyboardAction$CloseKeyboardIdlingResult@62facbe]
04-28 22:05:54.118  4774  4774 I ViewInteraction: Performing 'type text(Peceni krompir)' action on view view.getId() is <2131296491/com.example.spirala1:id/jeloET>
04-28 22:05:54.124   386   386 I perfetto: probes_producer.cc:329  Producer stop (id=9)
04-28 22:05:54.132   389   389 I perfetto: ng_service_impl.cc:1948 Tracing session 9 ended, total sessions:1
04-28 22:05:54.197  1239  1239 I KeyboardViewUtil: KeyboardViewUtil.getKeyboardHeightRatio():128 systemKeyboardHeightRatio:1.000000; userKeyboardHeightRatio:1.000000.
04-28 22:05:54.197  1239  1239 I AndroidIME: AbstractIme.onActivate():84 LatinIme.onActivate() : EditorInfo = Package = com.example.spirala1 : Type = Text : Learning = Enable : Suggestion = Show : AutoCorrection = Enable : Microphone = Show : NoPersonalizedLearning = Disable : AutoStartVoiceInput = Disable, IncognitoMode = false
04-28 22:05:54.198  1239  1239 I Delight5Facilitator: Delight5Facilitator.initializeForIme():561 initializeForIme() : Locale = [en_US], layout = qwerty
04-28 22:05:54.198  1239  1239 I VoiceInputManagerWrapper: VoiceInputManagerWrapper.cancelShutdown():55 cancelShutdown()
04-28 22:05:54.198  1239  1239 I VoiceInputManagerWrapper: VoiceInputManagerWrapper.syncLanguagePacks():67 syncLanguagePacks()
04-28 22:05:54.198  1239  4275 I SpeechFactory: SpeechRecognitionFactory.maybeScheduleAutoPackDownloadForFallback():160 maybeScheduleAutoPackDownloadForFallback()
04-28 22:05:54.198  1239  4275 I FallbackOnDeviceRecognitionProvider: FallbackOnDeviceRecognitionProvider.maybeScheduleAutoPackDownload():197 maybeScheduleAutoPackDownload() for language tag en-US
04-28 22:05:54.202  1239  1239 I KeyboardWrapper: KeyboardWrapper.consumeEvent():264 Skip consuming an event as current keyboard is deactivated (state=0, keyboard existence=true)
04-28 22:05:54.216  1239  1239 W KeyboardModeManager: KeyboardModeManager.setInputView():302 setInputView() : inputView = com.google.android.apps.inputmethod.libs.framework.core.InputView{e247989 V.E...... ......ID 0,0-1080,2063}
04-28 22:05:54.217  1239  1239 I ConversationToQueryExtension: ConversationToQueryExtension.isEnabledForHostApp():252 Conv2Query not enabled due to current app [com.example.spirala1] not in whitelist
04-28 22:05:54.217  1239  1239 I ConversationToQueryExtension: ConversationToQueryExtension.onActivate():162 onActivate() : Disabled by unsupported host app
04-28 22:05:54.217  1239  1239 I VoiceImeExtension: VoiceImeExtension.shouldStartVoiceInputAutomatically():336 No private IME option set to start voice input.
04-28 22:05:54.226   308   348 D goldfish-address-space: claimShared: Ask to claim region [0x3f4fd0000 0x3f58dc000]
04-28 22:05:54.273   308   348 D goldfish-address-space: claimShared: Ask to claim region [0x3f58dc000 0x3f61e8000]
04-28 22:05:54.297   308   349 D goldfish-address-space: claimShared: Ask to claim region [0x3f61e8000 0x3f6af4000]
04-28 22:05:54.412  4774  4774 D UiControllerImpl: Injecting string: "Peceni krompir"
04-28 22:05:54.467  1239  1239 W InputContextProxy: InputContextProxy.applyClientDiffInternal():832 Ignore [FetchSuggestions] diff due to stale request: 566<568, inputStateId=510, lastInputStateId=511
04-28 22:05:54.510  1239  2247 I native  : input-context-store.cc:173 Ignoring stale client request for FetchSuggestions
04-28 22:05:54.511  1239  1239 W InputContextProxy: InputContextProxy.applyClientDiffInternal():832 Ignore [FetchSuggestions] diff due to stale request: 570<571, inputStateId=514, lastInputStateId=514
04-28 22:05:54.527   720  1037 D BufferPoolAccessor2.0: evictor expired: 3, evicted: 0
04-28 22:05:54.528   537  1026 D BufferPoolAccessor2.0: evictor expired: 6, evicted: 0
04-28 22:05:54.529   439   872 D BufferPoolAccessor2.0: bufferpool2 0xe6c82118 : 0(0 size) total buffers - 0(0 size) used buffers - 33/35 (recycle/alloc) - 2/34 (fetch/transfer)
04-28 22:05:54.529   439   872 D BufferPoolAccessor2.0: evictor expired: 1, evicted: 1
04-28 22:05:54.537  1239  1239 W InputContextProxy: InputContextProxy.applyClientDiffInternal():832 Ignore [FetchSuggestions] diff due to stale request: 572<574, inputStateId=515, lastInputStateId=516
04-28 22:05:54.565  1239  2247 I native  : input-context-store.cc:173 Ignoring stale client request for FetchSuggestions
04-28 22:05:54.565  1239  1239 W InputContextProxy: InputContextProxy.applyClientDiffInternal():832 Ignore [FetchSuggestions] diff due to stale request: 574<575, inputStateId=517, lastInputStateId=517
04-28 22:05:54.587  1239  1239 W InputContextProxy: InputContextProxy.applyClientDiffInternal():832 Ignore [FetchSuggestions] diff due to stale request: 576<577, inputStateId=518, lastInputStateId=519
04-28 22:05:54.614  1239  2247 I native  : input-context-store.cc:173 Ignoring stale client request for FetchSuggestions
04-28 22:05:54.614  1239  2247 I native  : crank.cc:66 Overriding decoder candidates by Crank
04-28 22:05:54.614  1239  2247 I native  : input-context-store.cc:124 Ignoring stale client request for OverrideDecodedCandidates
04-28 22:05:54.616  1239  2247 I native  : crank.cc:66 Overriding decoder candidates by Crank
04-28 22:05:54.620  4901  4938 D BufferPoolAccessor2.0: bufferpool2 0xf0249a38 : 0(0 size) total buffers - 0(0 size) used buffers - 3/9 (recycle/alloc) - 6/74 (fetch/transfer)
04-28 22:05:54.620  4901  4938 D BufferPoolAccessor2.0: evictor expired: 1, evicted: 1
04-28 22:05:54.631  1239  1239 W InputContextProxy: InputContextProxy.applyClientDiffInternal():832 Ignore [FetchSuggestions] diff due to stale request: 578<580, inputStateId=0, lastInputStateId=520
04-28 22:05:54.659  1239  2247 I native  : input-context-store.cc:173 Ignoring stale client request for FetchSuggestions
04-28 22:05:54.659  1239  1239 W InputContextProxy: InputContextProxy.applyClientDiffInternal():832 Ignore [FetchSuggestions] diff due to stale request: 582<586, inputStateId=524, lastInputStateId=527
04-28 22:05:54.679  1239  1239 W InputContextProxy: InputContextProxy.applyClientDiffInternal():832 Ignore [FetchSuggestions] diff due to stale request: 585<587, inputStateId=527, lastInputStateId=527
04-28 22:05:54.719  1239  1239 W InputContextProxy: InputContextProxy.applyClientDiffInternal():832 Ignore [FetchSuggestions] diff due to stale request: 591<593, inputStateId=532, lastInputStateId=533
04-28 22:05:54.768  4774  4774 I ViewInteraction: Performing 'close keyboard' action on view view.getRootView() to equal view
04-28 22:05:54.768  4774  4774 D IdlingRegistry: Registering idling resources: [androidx.test.espresso.action.CloseKeyboardAction$CloseKeyboardIdlingResult@e47e3cf]
04-28 22:05:54.772  1239  1239 W TooltipLifecycleManager: TooltipLifecycleManager.dismissTooltip():130 dismissTooltip(): tooltip with id inline_suggestion_tooltip not found in tooltipManager.
04-28 22:05:54.773  1239  1239 W TooltipLifecycleManager: TooltipLifecycleManager.dismissTooltip():130 dismissTooltip(): tooltip with id inline_suggestion_tooltip not found in tooltipManager.
04-28 22:05:54.776  1239  1239 I KeyboardWrapper: KeyboardWrapper.consumeEvent():264 Skip consuming an event as current keyboard is deactivated (state=0, keyboard existence=true)
04-28 22:05:54.776  1239  1239 I VoiceInputManagerWrapper: VoiceInputManagerWrapper.shutdown():77 shutdown()
04-28 22:05:54.779  1239  2247 W Delight5Decoder: Delight5DecoderWrapper.shouldAbandonMessage():1701 Detected old [FetchSuggestions] request in background: 597<598, shouldAbandonMessage=true
04-28 22:05:54.780  1239  1239 I AndroidIME: AbstractIme.onDeactivate():161 LatinIme.onDeactivate()
04-28 22:05:54.947   386   386 I perfetto: probes_producer.cc:329  Producer stop (id=10)
04-28 22:05:54.952   389   389 I perfetto: ng_service_impl.cc:1948 Tracing session 10 ended, total sessions:0
04-28 22:05:54.953   386   386 I perfetto: ftrace_procfs.cc:183    disabled ftrace
04-28 22:05:55.097  4774  4774 D IdlingRegistry: Unregistering idling resources: [androidx.test.espresso.action.CloseKeyboardAction$CloseKeyboardIdlingResult@e47e3cf]
04-28 22:05:55.103  4774  4774 I ViewInteraction: Performing 'single click' action on view view.getId() is <2131296414/com.example.spirala1:id/dodajBiljkuBtn>
04-28 22:05:55.151   537  2543 I system_server: oneway function results will be dropped but finished with status OK and parcel size 4
04-28 22:05:55.152   537  2543 I system_server: oneway function results will be dropped but finished with status OK and parcel size 4
04-28 22:05:55.189  1192  2278 D BluetoothAdapter: isLeEnabled(): ON
04-28 22:05:55.199  1192  2278 I NearbyDiscovery: FastPairScanner2: isAlive? bleEnabled:true, btEnabled:true, bleScanAvailable:false [CONTEXT service_id=49 ]
04-28 22:05:55.199  1192  2278 I NearbyDiscovery: FastPair: isDestroyable: Scanner is alive. [CONTEXT service_id=49 ]
04-28 22:05:55.199  1192  2278 I NearbyDiscovery: DiscoveryService: Skip stopSelf(), fast pair controller is not destroyable. [CONTEXT service_id=49 ]
04-28 22:05:55.290   537  1801 I system_server: oneway function results will be dropped but finished with status OK and parcel size 4
04-28 22:05:55.390  4774  4774 I ViewInteraction: Checking 'MatchesViewAssertion{viewMatcher=(view has effective visibility <VISIBLE> and view.getGlobalVisibleRect() to return non-empty rectangle)}' assertion on view view.getId() is <2131296414/com.example.spirala1:id/dodajBiljkuBtn>
04-28 22:05:55.398   537   559 D EventSequenceValidator: inc AccIntentStartedEvents to 3
04-28 22:05:55.402   389   389 I perfetto: ing_service_impl.cc:758 Configured tracing session 11, #sources:1, duration:5000 ms, #buffers:1, total buffer size:4096 KB, total sessions:1, uid:1071 session name: ""
04-28 22:05:55.410  4774  4774 D LifecycleMonitor: Lifecycle status change: com.example.spirala1.NovaBiljkaActivity@5cea8c4 in: PAUSED
04-28 22:05:55.410  4774  4774 V ActivityScenario: Update currentActivityStage to PAUSED, currentActivity=com.example.spirala1.NovaBiljkaActivity@5cea8c4
04-28 22:05:55.410  4774  4774 V ActivityScenario: Update currentActivityStage to PAUSED, currentActivity=com.example.spirala1.NovaBiljkaActivity@5cea8c4
04-28 22:05:55.411   537  1801 W InputReader: Device virtio_input_multi_touch_6 is associated with display ADISPLAY_ID_NONE.
04-28 22:05:55.411   537  1801 W InputReader: Device virtio_input_multi_touch_3 is associated with display ADISPLAY_ID_NONE.
04-28 22:05:55.411   537  1801 W InputReader: Device virtio_input_multi_touch_10 is associated with display ADISPLAY_ID_NONE.
04-28 22:05:55.411   537  1801 W InputReader: Device virtio_input_multi_touch_8 is associated with display ADISPLAY_ID_NONE.
04-28 22:05:55.411   537  1801 W InputReader: Device virtio_input_multi_touch_4 is associated with display ADISPLAY_ID_NONE.
04-28 22:05:55.411   537  1801 W InputReader: Device virtio_input_multi_touch_11 is associated with display ADISPLAY_ID_NONE.
04-28 22:05:55.411   537  1801 W InputReader: Device virtio_input_multi_touch_9 is associated with display ADISPLAY_ID_NONE.
04-28 22:05:55.412   386   386 I perfetto: probes_producer.cc:230  Ftrace setup (target_buf=11)
04-28 22:05:55.412   537  1801 W InputReader: Device virtio_input_multi_touch_5 is associated with display ADISPLAY_ID_NONE.
04-28 22:05:55.412   537  1801 W InputReader: Device virtio_input_multi_touch_2 is associated with display ADISPLAY_ID_NONE.
04-28 22:05:55.412   537  1801 W InputReader: Device virtio_input_multi_touch_7 is associated with display ADISPLAY_ID_NONE.
04-28 22:05:55.413   537  1801 W InputReader: Device virtio_input_multi_touch_6 is associated with display ADISPLAY_ID_NONE.
04-28 22:05:55.413   537  1801 W InputReader: Device virtio_input_multi_touch_3 is associated with display ADISPLAY_ID_NONE.
04-28 22:05:55.413   537  1801 W InputReader: Device virtio_input_multi_touch_10 is associated with display ADISPLAY_ID_NONE.
04-28 22:05:55.413   537  1801 W InputReader: Device virtio_input_multi_touch_8 is associated with display ADISPLAY_ID_NONE.
04-28 22:05:55.413   537  1801 W InputReader: Device virtio_input_multi_touch_4 is associated with display ADISPLAY_ID_NONE.
04-28 22:05:55.413   537  1801 W InputReader: Device virtio_input_multi_touch_11 is associated with display ADISPLAY_ID_NONE.
04-28 22:05:55.413   537  1801 W InputReader: Device virtio_input_multi_touch_9 is associated with display ADISPLAY_ID_NONE.
04-28 22:05:55.413   537  1801 W InputReader: Device virtio_input_multi_touch_5 is associated with display ADISPLAY_ID_NONE.
04-28 22:05:55.413   537  1801 W InputReader: Device virtio_input_multi_touch_2 is associated with display ADISPLAY_ID_NONE.
04-28 22:05:55.413   537  1801 W InputReader: Device virtio_input_multi_touch_7 is associated with display ADISPLAY_ID_NONE.
04-28 22:05:55.428   386   386 I perfetto: ftrace_procfs.cc:176    enabled ftrace
04-28 22:05:55.430   308   349 D goldfish-address-space: claimShared: Ask to claim region [0x3f4fd0000 0x3f5974000]
04-28 22:05:55.459   308   349 D goldfish-address-space: claimShared: Ask to claim region [0x3f5974000 0x3f6318000]
04-28 22:05:55.483   308   349 D goldfish-address-space: claimShared: Ask to claim region [0x3f6318000 0x3f6944000]
04-28 22:05:55.493   308   348 D goldfish-address-space: claimShared: Ask to claim region [0x3f89a4000 0x3f9348000]
04-28 22:05:55.508   308   348 D goldfish-address-space: claimShared: Ask to claim region [0x3fc9a4000 0x3fd348000]
04-28 22:05:55.518   537   564 D ArtManagerInternalImpl: /data/misc/iorapd/com.example.spirala1.test/0/androidx.test.core.app.InstrumentationActivityInvoker$EmptyActivity/compiled_traces/compiled_trace.pb doesn't exist
04-28 22:05:55.518   537   564 I ActivityTaskManager: Displayed com.example.spirala1.test/androidx.test.core.app.InstrumentationActivityInvoker$EmptyActivity: +119ms
04-28 22:05:55.528   537   559 D EventSequenceValidator: dec AccIntentStartedEvents to 2
04-28 22:05:55.530   439   872 D BufferPoolAccessor2.0: bufferpool2 0xe6c85418 : 0(0 size) total buffers - 0(0 size) used buffers - 20/23 (recycle/alloc) - 3/22 (fetch/transfer)
04-28 22:05:55.530   439   872 D BufferPoolAccessor2.0: bufferpool2 0xe6c82558 : 0(0 size) total buffers - 0(0 size) used buffers - 29/30 (recycle/alloc) - 1/29 (fetch/transfer)
04-28 22:05:55.530   439   872 D BufferPoolAccessor2.0: evictor expired: 2, evicted: 2
04-28 22:05:55.531   308   348 D goldfish-address-space: claimShared: Ask to claim region [0x3faab7000 0x3fb0e3000]
04-28 22:05:55.544  4774  4804 D OpenGLRenderer: endAllActiveAnimators on 0xbcf427f0 (RippleDrawable) with handle 0xbdc399d0
04-28 22:05:55.550   537  1163 W InputReader: Device virtio_input_multi_touch_6 is associated with display ADISPLAY_ID_NONE.
04-28 22:05:55.550   537  1163 W InputReader: Device virtio_input_multi_touch_3 is associated with display ADISPLAY_ID_NONE.
04-28 22:05:55.550   537  1163 W InputReader: Device virtio_input_multi_touch_10 is associated with display ADISPLAY_ID_NONE.
04-28 22:05:55.550   537  1163 W InputReader: Device virtio_input_multi_touch_8 is associated with display ADISPLAY_ID_NONE.
04-28 22:05:55.550   537  1163 W InputReader: Device virtio_input_multi_touch_4 is associated with display ADISPLAY_ID_NONE.
04-28 22:05:55.550   537  1163 W InputReader: Device virtio_input_multi_touch_11 is associated with display ADISPLAY_ID_NONE.
04-28 22:05:55.551   537  1163 W InputReader: Device virtio_input_multi_touch_9 is associated with display ADISPLAY_ID_NONE.
04-28 22:05:55.551   537  1163 W InputReader: Device virtio_input_multi_touch_5 is associated with display ADISPLAY_ID_NONE.
04-28 22:05:55.551   537  1163 W InputReader: Device virtio_input_multi_touch_2 is associated with display ADISPLAY_ID_NONE.
04-28 22:05:55.551   537  1163 W InputReader: Device virtio_input_multi_touch_7 is associated with display ADISPLAY_ID_NONE.
04-28 22:05:55.551   537  1163 W InputReader: Device virtio_input_multi_touch_6 is associated with display ADISPLAY_ID_NONE.
04-28 22:05:55.551   537  1163 W InputReader: Device virtio_input_multi_touch_3 is associated with display ADISPLAY_ID_NONE.
04-28 22:05:55.551   537  1163 W InputReader: Device virtio_input_multi_touch_10 is associated with display ADISPLAY_ID_NONE.
04-28 22:05:55.551   537  1163 W InputReader: Device virtio_input_multi_touch_8 is associated with display ADISPLAY_ID_NONE.
04-28 22:05:55.551   537  1163 W InputReader: Device virtio_input_multi_touch_4 is associated with display ADISPLAY_ID_NONE.
04-28 22:05:55.551   537  1163 W InputReader: Device virtio_input_multi_touch_11 is associated with display ADISPLAY_ID_NONE.
04-28 22:05:55.551   537  1163 W InputReader: Device virtio_input_multi_touch_9 is associated with display ADISPLAY_ID_NONE.
04-28 22:05:55.551   537  1163 W InputReader: Device virtio_input_multi_touch_5 is associated with display ADISPLAY_ID_NONE.
04-28 22:05:55.551   537  1163 W InputReader: Device virtio_input_multi_touch_2 is associated with display ADISPLAY_ID_NONE.
04-28 22:05:55.551   537  1163 W InputReader: Device virtio_input_multi_touch_7 is associated with display ADISPLAY_ID_NONE.
04-28 22:05:55.553   537  4337 D HostConnection: HostConnection::get() New Host Connection established 0xb56848b0, tid 4337
04-28 22:05:55.559   537  4337 D HostConnection: HostComposition ext ANDROID_EMU_CHECKSUM_HELPER_v1 ANDROID_EMU_native_sync_v2 ANDROID_EMU_native_sync_v3 ANDROID_EMU_native_sync_v4 ANDROID_EMU_dma_v1 ANDROID_EMU_direct_mem ANDROID_EMU_host_composition_v1 ANDROID_EMU_host_composition_v2 ANDROID_EMU_vulkan ANDROID_EMU_deferred_vulkan_commands ANDROID_EMU_vulkan_null_optional_strings ANDROID_EMU_vulkan_create_resources_with_requirements ANDROID_EMU_YUV_Cache ANDROID_EMU_vulkan_ignored_handles ANDROID_EMU_has_shared_slots_host_memory_allocator ANDROID_EMU_vulkan_free_memory_sync ANDROID_EMU_vulkan_shader_float16_int8 ANDROID_EMU_vulkan_async_queue_submit ANDROID_EMU_sync_buffer_data ANDROID_EMU_vulkan_async_qsri ANDROID_EMU_read_color_buffer_dma GL_OES_vertex_array_object GL_KHR_texture_compression_astc_ldr ANDROID_EMU_host_side_tracing ANDROID_EMU_gles_max_version_2
04-28 22:05:55.560   537  4337 W OpenGLRenderer: Failed to choose config with EGL_SWAP_BEHAVIOR_PRESERVED, retrying without...
04-28 22:05:55.566  4774  4774 D LifecycleMonitor: Lifecycle status change: com.example.spirala1.NovaBiljkaActivity@5cea8c4 in: STOPPED
04-28 22:05:55.566  4774  4774 V ActivityScenario: Update currentActivityStage to STOPPED, currentActivity=com.example.spirala1.NovaBiljkaActivity@5cea8c4
04-28 22:05:55.566  4774  4774 V ActivityScenario: Update currentActivityStage to STOPPED, currentActivity=com.example.spirala1.NovaBiljkaActivity@5cea8c4
04-28 22:05:55.567  4774  4774 D AutofillManager: onActivityFinishing(): calling cancelLocked()
04-28 22:05:55.567  4774  4774 D LifecycleMonitor: Lifecycle status change: com.example.spirala1.NovaBiljkaActivity@5cea8c4 in: DESTROYED
04-28 22:05:55.567  4774  4774 V ActivityScenario: Update currentActivityStage to DESTROYED, currentActivity=null
04-28 22:05:55.567  4774  4774 V ActivityScenario: Update currentActivityStage to DESTROYED, currentActivity=null
04-28 22:05:55.569  4774  4796 I TestRunner: finished: testValidacijaMedicinskaKoristLV(com.example.spirala1.VlastitiTestovi)
